// Jest Snapshot v1, https://goo.gl/fbAQLP

exports[`matches snapshot 1`] = `
<button
  className="MuiButtonBase-root MuiButton-root MuiButton-text"
  disabled={false}
  display="flex"
  flexwrap="wrap"
  onBlur={[Function]}
  onDragLeave={[Function]}
  onFocus={[Function]}
  onKeyDown={[Function]}
  onKeyUp={[Function]}
  onMouseDown={[Function]}
  onMouseLeave={[Function]}
  onMouseUp={[Function]}
  onTouchEnd={[Function]}
  onTouchMove={[Function]}
  onTouchStart={[Function]}
  tabIndex={0}
  type="button"
>
  <span
    className="MuiButton-label"
  >
    <div
      className="MuiGrid-root MuiGrid-container MuiGrid-direction-xs-column"
    >
      <p
        className="MuiTypography-root MuiTypography-body1 MuiTypography-alignLeft"
      >
        Good luck, 
        !
      </p>
      <p>
        Your score: 
        0
         seconds
      </p>
      <p
        className="MuiTypography-root MuiTypography-body1"
      >
        Pick up the right cards
      </p>
      <section>
        <item
          data-position={0}
          draggable={true}
          onDragOver={[Function]}
          onDragStart={[Function]}
          onDrop={[Function]}
        >
          <img
            className="imageBox"
            src="zoovuz.svg"
          />
        </item>
        <item
          data-position={1}
          draggable={true}
          onDragOver={[Function]}
          onDragStart={[Function]}
          onDrop={[Function]}
        >
          <img
            className="imageBox"
            src="zoovuo.svg"
          />
        </item>
        <item
          data-position={2}
          draggable={true}
          onDragOver={[Function]}
          onDragStart={[Function]}
          onDrop={[Function]}
        >
          <img
            className="imageBox"
            src="zoovuu.svg"
          />
        </item>
        <item
          data-position={3}
          draggable={true}
          onDragOver={[Function]}
          onDragStart={[Function]}
          onDrop={[Function]}
        >
          <img
            className="imageBox"
            src="zoovuo.svg"
          />
        </item>
        <item
          data-position={4}
          draggable={true}
          onDragOver={[Function]}
          onDragStart={[Function]}
          onDrop={[Function]}
        >
          <img
            className="imageBox"
            src="zoovuv.svg"
          />
        </item>
      </section>
      <p
        className="MuiTypography-root MuiTypography-body1"
      >
        ..and drop them here to make the logo great again!
      </p>
      <section>
        <item
          data-position={0}
          draggable={true}
          onDragOver={[Function]}
          onDragStart={[Function]}
          onDrop={[Function]}
        >
          <img
            className="imageBox"
            src="greenBox.png"
          />
        </item>
        <item
          data-position={1}
          draggable={true}
          onDragOver={[Function]}
          onDragStart={[Function]}
          onDrop={[Function]}
        >
          <img
            className="imageBox"
            src="greenBox.png"
          />
        </item>
        <item
          data-position={2}
          draggable={true}
          onDragOver={[Function]}
          onDragStart={[Function]}
          onDrop={[Function]}
        >
          <img
            className="imageBox"
            src="greenBox.png"
          />
        </item>
        <item
          data-position={3}
          draggable={true}
          onDragOver={[Function]}
          onDragStart={[Function]}
          onDrop={[Function]}
        >
          <img
            className="imageBox"
            src="greenBox.png"
          />
        </item>
        <item
          data-position={4}
          draggable={true}
          onDragOver={[Function]}
          onDragStart={[Function]}
          onDrop={[Function]}
        >
          <img
            className="imageBox"
            src="greenBox.png"
          />
        </item>
      </section>
    </div>
  </span>
  <span
    className="MuiTouchRipple-root"
  />
</button>
`;
